// Jest Snapshot v1, https://goo.gl/fbAQLP

exports[`renders correctly 1`] = `
<BrowserRouter>
  <Suspense
    fallback={
      <h1>
        Loading...
      </h1>
    }
  >
    <Layout
      style={
        Object {
          "height": "100vh",
        }
      }
    >
      <AppHeader />
      <Layout>
        <AppSidebar />
        <Layout
          style={
            Object {
              "padding": "0 24px 24px",
            }
          }
        >
          <Content
            className="site-layout-background"
          >
            <Switch>
              <Route
                component={[Function]}
                exact={true}
                path="/"
              />
              <Route
                component={[Function]}
                path="/dataset/:datasetId/details"
              />
              <Route
                component={[Function]}
                path="/dataset/:datasetId/entry"
              />
            </Switch>
          </Content>
          <Footer
            style={
              Object {
                "textAlign": "center",
              }
            }
          >
            Footer content
          </Footer>
        </Layout>
      </Layout>
    </Layout>
  </Suspense>
</BrowserRouter>
`;
